// Jest Snapshot v1, https://goo.gl/fbAQLP

exports[`Pruebas en Entry Component debe de hacer match con el snapshot 1`] = `
<div class="mb-3 pointer p-2 entry-container">
  <div class="entry-title d-flex"><span class="text-success fs-5 fw-bold">11</span><span class="mx-1 fs-5">Enero</span><span class="mx-2 fw-light">2023, Mi√©rcoles</span></div>
  <div class="entry-description">Nueva entrada en Mock-data</div>
</div>
`;
